[INFO] Scanning for projects...
[INFO] 
[INFO] ------------------< com.healthcare:healthcare-portal >------------------
[INFO] Building Healthcare Portal 1.0.0
[INFO]   from pom.xml
[INFO] --------------------------------[ jar ]---------------------------------
[INFO] 
[INFO] --- clean:3.3.2:clean (default-clean) @ healthcare-portal ---
[INFO] Deleting C:\Users\DELL\Downloads\healthcare_portal_complete\healthcare_portal\backend\target
[INFO] 
[INFO] --- resources:3.3.1:resources (default-resources) @ healthcare-portal ---
[INFO] Copying 1 resource from src\main\resources to target\classes
[INFO] Copying 0 resource from src\main\resources to target\classes
[INFO] 
[INFO] --- compiler:3.11.0:compile (default-compile) @ healthcare-portal ---
[INFO] Changes detected - recompiling the module! :source
[INFO] Compiling 75 source files with javac [debug release 17] to target\classes
[INFO] -------------------------------------------------------------
[ERROR] COMPILATION ERROR : 
[INFO] -------------------------------------------------------------
[ERROR] /C:/Users/DELL/Downloads/healthcare_portal_complete/healthcare_portal/backend/src/main/java/com/healthcare/portal/service/AdminService.java:[158,23] method updateListing in class com.healthcare.portal.service.ListingService cannot be applied to given types;
  required: java.lang.Long,com.healthcare.portal.dto.ListingDTO.ListingRequest,java.lang.Long
  found:    java.lang.Long,com.healthcare.portal.dto.ListingDTO.ListingRequest
  reason: actual and formal argument lists differ in length
[INFO] 1 error
[INFO] -------------------------------------------------------------
[INFO] ------------------------------------------------------------------------
[INFO] BUILD FAILURE
[INFO] ------------------------------------------------------------------------
[INFO] Total time:  11.091 s
[INFO] Finished at: 2026-03-28T12:08:57+05:30
[INFO] ------------------------------------------------------------------------
[ERROR] Failed to execute goal org.apache.maven.plugins:maven-compiler-plugin:3.11.0:compile (default-compile) on project healthcare-portal: Compilation failure
[ERROR] /C:/Users/DELL/Downloads/healthcare_portal_complete/healthcare_portal/backend/src/main/java/com/healthcare/portal/service/AdminService.java:[158,23] method updateListing in class com.healthcare.portal.service.ListingService cannot be applied to given types;
[ERROR]   required: java.lang.Long,com.healthcare.portal.dto.ListingDTO.ListingRequest,java.lang.Long
[ERROR]   found:    java.lang.Long,com.healthcare.portal.dto.ListingDTO.ListingRequest
[ERROR]   reason: actual and formal argument lists differ in length
[ERROR] 
[ERROR] -> [Help 1]
[ERROR] 
[ERROR] To see the full stack trace of the errors, re-run Maven with the -e switch.
[ERROR] Re-run Maven using the -X switch to enable full debug logging.
[ERROR] 
[ERROR] For more information about the errors and possible solutions, please read the following articles:
[ERROR] [Help 1] http://cwiki.apache.org/confluence/display/MAVEN/MojoFailureException
